
> ogefrem-app@0.1.0 build
> next build

Γû▓ Next.js 16.1.6 (Turbopack)
- Environments: .env

  Creating an optimized production build ...
Γ£ô Compiled successfully in 22.5s
  Running TypeScript ...
Failed to compile.

.next/types/validator.ts:108:31
Type error: Type 'typeof import("C:/Users/Admin/Documents/New folder (2)/ogefrem-app/app/api/shipments/[id]/documents/[docId]/route")' does not satisfy the constraint 'RouteHandlerConfig<"/api/shipments/[id]/documents/[docId]">'.
  Types of property 'DELETE' are incompatible.
    Type '(_req: NextRequest, { params }: { params: { id: string; docId: string; }; }) => Promise<NextResponse<{ success: boolean; }> | NextResponse<{ error: string; code: string | undefined; }>>' is not assignable to type '(request: NextRequest, context: { params: Promise<{ id: string; docId: string; }>; }) => void | Response | Promise<void | Response>'.
      Types of parameters '__1' and 'context' are incompatible.
        Type '{ params: Promise<{ id: string; docId: string; }>; }' is not assignable to type '{ params: { id: string; docId: string; }; }'.
          Types of property 'params' are incompatible.
            Type 'Promise<{ id: string; docId: string; }>' is missing the following properties from type '{ id: string; docId: string; }': id, docId

  106 |   type __IsExpected<Specific extends RouteHandlerConfig<"/api/shipments/[id]/documents/[docId]">> = Specific
  107 |   const handler = {} as typeof import("../../app/api/shipments/[id]/documents/[docId]/route.js")
> 108 |   type __Check = __IsExpected<typeof handler>
      |                               ^
  109 |   // @ts-ignore
  110 |   type __Unused = __Check
  111 | }
Next.js build worker exited with code: 1 and signal: null
