app/api/reports/export/route.ts(25,33): error TS2345: Argument of type 'Buffer<ArrayBufferLike>' is not assignable to parameter of type 'BodyInit | null | undefined'.
  Type 'Buffer<ArrayBufferLike>' is missing the following properties from type 'URLSearchParams': size, append, delete, get, and 2 more.
lib/schemas.ts(23,19): error TS2353: Object literal may only specify known properties, and 'invalid_type_error' does not exist in type '{ error?: string | $ZodErrorMap<$ZodIssueInvalidType<unknown>> | undefined; message?: string | undefined; }'.
lib/schemas.ts(26,19): error TS2353: Object literal may only specify known properties, and 'invalid_type_error' does not exist in type '{ error?: string | $ZodErrorMap<$ZodIssueInvalidType<unknown>> | undefined; message?: string | undefined; }'.
lib/schemas.ts(34,19): error TS2353: Object literal may only specify known properties, and 'invalid_type_error' does not exist in type '{ error?: string | $ZodErrorMap<$ZodIssueInvalidType<unknown>> | undefined; message?: string | undefined; }'.
lib/schemas.ts(41,19): error TS2353: Object literal may only specify known properties, and 'invalid_type_error' does not exist in type '{ error?: string | $ZodErrorMap<$ZodIssueInvalidType<unknown>> | undefined; message?: string | undefined; }'.
prisma.config.ts(12,5): error TS2322: Type 'string | undefined' is not assignable to type 'string'.
  Type 'undefined' is not assignable to type 'string'.
